// Jest Snapshot v1, https://goo.gl/fbAQLP

exports[`Testing -> Button to get snapshot 1`] = `
<button
  className="button-primary undefined"
  onClick={[Function]}
  type="button"
  variant="primary"
/>
`;
