// Jest Snapshot v1, https://goo.gl/fbAQLP

exports[`Testing -> Switch to get snapshot 1`] = `
<label
  className="switch  "
  data-testid="test"
  onClick={[Function]}
>
  <span
    className="round slider"
  />
</label>
`;
