// Jest Snapshot v1, https://goo.gl/fbAQLP

exports[`Testing -> CheckBox to get snapshot 1`] = `
<div
  className="asCheck relative bg-transparent flex-col align-center justify-center cursor-pointer w-7 h-7 as-checked"
  onClick={[Function]}
>
  <div
    className="w-6"
  />
</div>
`;
