// Jest Snapshot v1, https://goo.gl/fbAQLP

exports[`Testing -> Label to get snapshot 1`] = `
<div
  className="flex-col"
  style={
    {
      "flex": "1",
    }
  }
>
  <div
    className=""
  >
    aftershoot
  </div>
</div>
`;
