// Jest Snapshot v1, https://goo.gl/fbAQLP

exports[`Testing -> Divider to get snapshot 1`] = `
<div
  className="horizontal undefined"
/>
`;
